2022-09-13 22:20:52,545 : INFO : test_e2e : All items list
2022-09-13 22:20:52,772 : INFO : test_e2e : Delvery location is India
2022-09-13 22:20:57,993 : INFO : test_e2e : ×
Success! Thank you! Your order will be delivered in next few weeks :-).
2022-09-13 22:21:00,199 : INFO : test_loginPage : Name is Rahul
2022-09-13 22:21:00,258 : INFO : test_loginPage : Email isShetty
2022-09-13 22:21:00,308 : INFO : test_loginPage : password is12345
2022-09-13 22:21:00,357 : INFO : test_loginPage : Gendor is Mail
2022-09-13 22:21:00,436 : INFO : test_loginPage : DateOfBirth is14-06-1999
2022-09-13 22:21:00,570 : INFO : test_loginPage : ×
Success! The Form has been submitted successfully!.
2022-09-13 22:21:00,778 : INFO : test_loginPage : Name is skp
2022-09-13 22:21:00,778 : INFO : test_loginPage : Name is skp
2022-09-13 22:21:00,815 : INFO : test_loginPage : Email iskulay@gmal.com
2022-09-13 22:21:00,815 : INFO : test_loginPage : Email iskulay@gmal.com
2022-09-13 22:21:00,856 : INFO : test_loginPage : password is54321
2022-09-13 22:21:00,856 : INFO : test_loginPage : password is54321
2022-09-13 22:21:00,885 : INFO : test_loginPage : Gendor is Female
2022-09-13 22:21:00,885 : INFO : test_loginPage : Gendor is Female
2022-09-13 22:21:00,934 : INFO : test_loginPage : DateOfBirth is21-06-1999
2022-09-13 22:21:00,934 : INFO : test_loginPage : DateOfBirth is21-06-1999
2022-09-13 22:21:00,999 : INFO : test_loginPage : ×
Success! The Form has been submitted successfully!.
2022-09-13 22:21:00,999 : INFO : test_loginPage : ×
Success! The Form has been submitted successfully!.
2022-09-13 22:22:51,898 : INFO : test_e2e : All items list
2022-09-13 22:22:52,127 : INFO : test_e2e : Delvery location is India
2022-09-13 22:22:57,347 : INFO : test_e2e : ×
Success! Thank you! Your order will be delivered in next few weeks :-).
2022-09-13 22:22:59,562 : INFO : test_loginPage : Name is Rahul
2022-09-13 22:22:59,624 : INFO : test_loginPage : Email isShetty
2022-09-13 22:22:59,678 : INFO : test_loginPage : password is12345
2022-09-13 22:22:59,726 : INFO : test_loginPage : Gendor is Mail
2022-09-13 22:22:59,803 : INFO : test_loginPage : DateOfBirth is14-06-1999
2022-09-13 22:22:59,922 : INFO : test_loginPage : ×
Success! The Form has been submitted successfully!.
2022-09-13 22:23:00,084 : INFO : test_loginPage : Name is skp
2022-09-13 22:23:00,084 : INFO : test_loginPage : Name is skp
2022-09-13 22:23:00,145 : INFO : test_loginPage : Email iskulay@gmal.com
2022-09-13 22:23:00,145 : INFO : test_loginPage : Email iskulay@gmal.com
2022-09-13 22:23:00,199 : INFO : test_loginPage : password is54321
2022-09-13 22:23:00,199 : INFO : test_loginPage : password is54321
2022-09-13 22:23:00,246 : INFO : test_loginPage : Gendor is Female
2022-09-13 22:23:00,246 : INFO : test_loginPage : Gendor is Female
2022-09-13 22:23:00,335 : INFO : test_loginPage : DateOfBirth is21-06-1999
2022-09-13 22:23:00,335 : INFO : test_loginPage : DateOfBirth is21-06-1999
2022-09-13 22:23:00,441 : INFO : test_loginPage : ×
Success! The Form has been submitted successfully!.
2022-09-13 22:23:00,441 : INFO : test_loginPage : ×
Success! The Form has been submitted successfully!.
2022-09-13 22:27:33,232 : INFO : test_e2e : All items list
2022-09-13 22:27:33,453 : INFO : test_e2e : Delvery location is India
2022-09-13 22:27:38,716 : INFO : test_e2e : ×
Success! Thank you! Your order will be delivered in next few weeks :-).
2022-09-13 22:27:43,106 : INFO : test_loginPage : Name is Rahul
2022-09-13 22:27:43,171 : INFO : test_loginPage : Email isShetty
2022-09-13 22:27:43,221 : INFO : test_loginPage : password is12345
2022-09-13 22:27:43,269 : INFO : test_loginPage : Gendor is Mail
2022-09-13 22:27:43,351 : INFO : test_loginPage : DateOfBirth is14-06-1999
2022-09-13 22:27:43,469 : INFO : test_loginPage : ×
Success! The Form has been submitted successfully!.
2022-09-13 22:27:43,624 : INFO : test_loginPage : Name is skp
2022-09-13 22:27:43,624 : INFO : test_loginPage : Name is skp
2022-09-13 22:27:43,671 : INFO : test_loginPage : Email iskulay@gmal.com
2022-09-13 22:27:43,671 : INFO : test_loginPage : Email iskulay@gmal.com
2022-09-13 22:27:43,724 : INFO : test_loginPage : password is54321
2022-09-13 22:27:43,724 : INFO : test_loginPage : password is54321
2022-09-13 22:27:43,767 : INFO : test_loginPage : Gendor is Female
2022-09-13 22:27:43,767 : INFO : test_loginPage : Gendor is Female
2022-09-13 22:27:43,849 : INFO : test_loginPage : DateOfBirth is21-06-1999
2022-09-13 22:27:43,849 : INFO : test_loginPage : DateOfBirth is21-06-1999
2022-09-13 22:27:43,948 : INFO : test_loginPage : ×
Success! The Form has been submitted successfully!.
2022-09-13 22:27:43,948 : INFO : test_loginPage : ×
Success! The Form has been submitted successfully!.
2022-09-13 22:33:32,867 : INFO : test_e2e : All items list
2022-09-13 22:33:33,163 : INFO : test_e2e : Delvery location is India
2022-09-13 22:33:38,516 : INFO : test_e2e : ×
Success! Thank you! Your order will be delivered in next few weeks :-).
2022-09-13 22:33:41,400 : INFO : test_loginPage : Name is Rahul
2022-09-13 22:33:41,506 : INFO : test_loginPage : Email isShetty
2022-09-13 22:33:41,587 : INFO : test_loginPage : password is12345
2022-09-13 22:33:41,665 : INFO : test_loginPage : Gendor is Mail
2022-09-13 22:33:41,801 : INFO : test_loginPage : DateOfBirth is14-06-1999
2022-09-13 22:33:42,001 : INFO : test_loginPage : ×
Success! The Form has been submitted successfully!.
2022-09-13 22:33:42,304 : INFO : test_loginPage : Name is skp
2022-09-13 22:33:42,304 : INFO : test_loginPage : Name is skp
2022-09-13 22:33:42,376 : INFO : test_loginPage : Email iskulay@gmal.com
2022-09-13 22:33:42,376 : INFO : test_loginPage : Email iskulay@gmal.com
2022-09-13 22:33:42,454 : INFO : test_loginPage : password is54321
2022-09-13 22:33:42,454 : INFO : test_loginPage : password is54321
2022-09-13 22:33:42,524 : INFO : test_loginPage : Gendor is Female
2022-09-13 22:33:42,524 : INFO : test_loginPage : Gendor is Female
2022-09-13 22:33:42,656 : INFO : test_loginPage : DateOfBirth is21-06-1999
2022-09-13 22:33:42,656 : INFO : test_loginPage : DateOfBirth is21-06-1999
2022-09-13 22:33:42,820 : INFO : test_loginPage : ×
Success! The Form has been submitted successfully!.
2022-09-13 22:33:42,820 : INFO : test_loginPage : ×
Success! The Form has been submitted successfully!.
2022-09-13 22:37:17,332 : INFO : test_e2e : All items list
2022-09-13 22:37:17,644 : INFO : test_e2e : Delvery location is India
2022-09-13 22:37:22,972 : INFO : test_e2e : ×
Success! Thank you! Your order will be delivered in next few weeks :-).
2022-09-13 22:37:26,343 : INFO : test_loginPage : Name is Rahul
2022-09-13 22:37:26,414 : INFO : test_loginPage : Email isShetty
2022-09-13 22:37:26,486 : INFO : test_loginPage : password is12345
2022-09-13 22:37:26,558 : INFO : test_loginPage : Gendor is Mail
2022-09-13 22:37:26,691 : INFO : test_loginPage : DateOfBirth is14-06-1999
2022-09-13 22:37:26,928 : INFO : test_loginPage : ×
Success! The Form has been submitted successfully!.
2022-09-13 22:37:27,273 : INFO : test_loginPage : Name is skp
2022-09-13 22:37:27,273 : INFO : test_loginPage : Name is skp
2022-09-13 22:37:27,344 : INFO : test_loginPage : Email iskulay@gmal.com
2022-09-13 22:37:27,344 : INFO : test_loginPage : Email iskulay@gmal.com
2022-09-13 22:37:27,438 : INFO : test_loginPage : password is54321
2022-09-13 22:37:27,438 : INFO : test_loginPage : password is54321
2022-09-13 22:37:27,521 : INFO : test_loginPage : Gendor is Female
2022-09-13 22:37:27,521 : INFO : test_loginPage : Gendor is Female
2022-09-13 22:37:27,694 : INFO : test_loginPage : DateOfBirth is21-06-1999
2022-09-13 22:37:27,694 : INFO : test_loginPage : DateOfBirth is21-06-1999
2022-09-13 22:37:27,848 : INFO : test_loginPage : ×
Success! The Form has been submitted successfully!.
2022-09-13 22:37:27,848 : INFO : test_loginPage : ×
Success! The Form has been submitted successfully!.
2022-09-13 22:39:30,863 : INFO : test_e2e : All items list
2022-09-13 22:39:31,228 : INFO : test_e2e : Delvery location is India
2022-09-13 22:39:36,592 : INFO : test_e2e : ×
Success! Thank you! Your order will be delivered in next few weeks :-).
2022-09-13 22:39:39,368 : INFO : test_loginPage : Name is Rahul
2022-09-13 22:39:39,459 : INFO : test_loginPage : Email isShetty
2022-09-13 22:39:39,544 : INFO : test_loginPage : password is12345
2022-09-13 22:39:39,626 : INFO : test_loginPage : Gendor is Mail
2022-09-13 22:39:39,745 : INFO : test_loginPage : DateOfBirth is14-06-1999
2022-09-13 22:39:39,948 : INFO : test_loginPage : ×
Success! The Form has been submitted successfully!.
2022-09-13 22:39:40,228 : INFO : test_loginPage : Name is skp
2022-09-13 22:39:40,228 : INFO : test_loginPage : Name is skp
2022-09-13 22:39:40,318 : INFO : test_loginPage : Email iskulay@gmal.com
2022-09-13 22:39:40,318 : INFO : test_loginPage : Email iskulay@gmal.com
2022-09-13 22:39:40,473 : INFO : test_loginPage : password is54321
2022-09-13 22:39:40,473 : INFO : test_loginPage : password is54321
2022-09-13 22:39:40,604 : INFO : test_loginPage : Gendor is Female
2022-09-13 22:39:40,604 : INFO : test_loginPage : Gendor is Female
2022-09-13 22:39:40,752 : INFO : test_loginPage : DateOfBirth is21-06-1999
2022-09-13 22:39:40,752 : INFO : test_loginPage : DateOfBirth is21-06-1999
2022-09-13 22:39:40,909 : INFO : test_loginPage : ×
Success! The Form has been submitted successfully!.
2022-09-13 22:39:40,909 : INFO : test_loginPage : ×
Success! The Form has been submitted successfully!.
2022-09-13 22:57:46,656 : INFO : test_e2e : All items list
2022-09-13 22:57:47,062 : INFO : test_e2e : Delvery location is India
2022-09-13 22:57:52,484 : INFO : test_e2e : ×
Success! Thank you! Your order will be delivered in next few weeks :-).
2022-09-13 22:58:05,013 : INFO : test_loginPage : Name is Rahul
2022-09-13 22:58:05,136 : INFO : test_loginPage : Email isShetty
2022-09-13 22:58:05,235 : INFO : test_loginPage : password is12345
2022-09-13 22:58:05,345 : INFO : test_loginPage : Gendor is Mail
2022-09-13 22:58:05,491 : INFO : test_loginPage : DateOfBirth is14-06-1999
2022-09-13 22:58:05,706 : INFO : test_loginPage : ×
Success! The Form has been submitted successfully!.
2022-09-13 22:58:06,006 : INFO : test_loginPage : Name is skp
2022-09-13 22:58:06,006 : INFO : test_loginPage : Name is skp
2022-09-13 22:58:06,105 : INFO : test_loginPage : Email iskulay@gmal.com
2022-09-13 22:58:06,105 : INFO : test_loginPage : Email iskulay@gmal.com
2022-09-13 22:58:06,210 : INFO : test_loginPage : password is54321
2022-09-13 22:58:06,210 : INFO : test_loginPage : password is54321
2022-09-13 22:58:06,298 : INFO : test_loginPage : Gendor is Female
2022-09-13 22:58:06,298 : INFO : test_loginPage : Gendor is Female
2022-09-13 22:58:06,450 : INFO : test_loginPage : DateOfBirth is21-06-1999
2022-09-13 22:58:06,450 : INFO : test_loginPage : DateOfBirth is21-06-1999
2022-09-13 22:58:06,645 : INFO : test_loginPage : ×
Success! The Form has been submitted successfully!.
2022-09-13 22:58:06,645 : INFO : test_loginPage : ×
Success! The Form has been submitted successfully!.
2022-09-13 23:24:11,470 : INFO : test_e2e : All items list
2022-09-13 23:24:11,763 : INFO : test_e2e : Delvery location is India
2022-09-13 23:24:17,149 : INFO : test_e2e : ×
Success! Thank you! Your order will be delivered in next few weeks :-).
2022-09-13 23:24:19,834 : INFO : test_loginPage : Name is Rahul
2022-09-13 23:24:19,924 : INFO : test_loginPage : Email isShetty
2022-09-13 23:24:20,013 : INFO : test_loginPage : password is12345
2022-09-13 23:24:20,097 : INFO : test_loginPage : Gendor is Mail
2022-09-13 23:24:20,223 : INFO : test_loginPage : DateOfBirth is14-06-1999
2022-09-13 23:24:20,440 : INFO : test_loginPage : ×
Success! The Form has been submitted successfully!.
2022-09-13 23:24:20,704 : INFO : test_loginPage : Name is skp
2022-09-13 23:24:20,704 : INFO : test_loginPage : Name is skp
2022-09-13 23:24:20,783 : INFO : test_loginPage : Email iskulay@gmal.com
2022-09-13 23:24:20,783 : INFO : test_loginPage : Email iskulay@gmal.com
2022-09-13 23:24:20,884 : INFO : test_loginPage : password is54321
2022-09-13 23:24:20,884 : INFO : test_loginPage : password is54321
2022-09-13 23:24:20,980 : INFO : test_loginPage : Gendor is Female
2022-09-13 23:24:20,980 : INFO : test_loginPage : Gendor is Female
2022-09-13 23:24:21,150 : INFO : test_loginPage : DateOfBirth is21-06-1999
2022-09-13 23:24:21,150 : INFO : test_loginPage : DateOfBirth is21-06-1999
2022-09-13 23:24:21,326 : INFO : test_loginPage : ×
Success! The Form has been submitted successfully!.
2022-09-13 23:24:21,326 : INFO : test_loginPage : ×
Success! The Form has been submitted successfully!.
2022-09-13 23:25:22,163 : INFO : test_e2e : All items list
2022-09-13 23:25:22,502 : INFO : test_e2e : Delvery location is India
2022-09-13 23:25:27,826 : INFO : test_e2e : ×
Success! Thank you! Your order will be delivered in next few weeks :-).
2022-09-13 23:25:31,199 : INFO : test_loginPage : Name is Rahul
2022-09-13 23:25:31,292 : INFO : test_loginPage : Email isShetty
2022-09-13 23:25:31,367 : INFO : test_loginPage : password is12345
2022-09-13 23:25:31,438 : INFO : test_loginPage : Gendor is Mail
2022-09-13 23:25:31,567 : INFO : test_loginPage : DateOfBirth is14-06-1999
2022-09-13 23:25:31,766 : INFO : test_loginPage : ×
Success! The Form has been submitted successfully!.
2022-09-13 23:25:32,284 : INFO : test_loginPage : Name is skp
2022-09-13 23:25:32,284 : INFO : test_loginPage : Name is skp
2022-09-13 23:25:32,354 : INFO : test_loginPage : Email iskulay@gmal.com
2022-09-13 23:25:32,354 : INFO : test_loginPage : Email iskulay@gmal.com
2022-09-13 23:25:32,446 : INFO : test_loginPage : password is54321
2022-09-13 23:25:32,446 : INFO : test_loginPage : password is54321
2022-09-13 23:25:32,522 : INFO : test_loginPage : Gendor is Female
2022-09-13 23:25:32,522 : INFO : test_loginPage : Gendor is Female
2022-09-13 23:25:32,652 : INFO : test_loginPage : DateOfBirth is21-06-1999
2022-09-13 23:25:32,652 : INFO : test_loginPage : DateOfBirth is21-06-1999
2022-09-13 23:25:32,824 : INFO : test_loginPage : ×
Success! The Form has been submitted successfully!.
2022-09-13 23:25:32,824 : INFO : test_loginPage : ×
Success! The Form has been submitted successfully!.
